// Jest Snapshot v1, https://goo.gl/fbAQLP

exports[`Tag renders correctly 1`] = `
<nuxt-link
  class="contrast outline"
  to="/tags/vue ðŸ¤˜"
>
  
  #vue ðŸ¤˜

</nuxt-link>
`;
